[DATA_POINT]
1="HTTP_302"
2="tcp_connect"
3="tcp_connection_count"
4="ssl_session_new"
5="mic_recv"
6="ssl_session_reuse"
7="HTTP_200"
8="tcp_shutdown"
9="HTTP_401"
[END_TRANSACTION]
49="logout_vuser_end_9"
50="vuser_end_Transaction"
1="https://opensource-demo.orangehrmlive.com/"
2="https://opensource-demo.orangehrmlive.com/web/index.php/auth/login"
3="https://opensource-demo.orangehrmlive.com/web/dist/css/chunk-vendors.css?v=1706326081969"
4="https://opensource-demo.orangehrmlive.com/web/dist/css/app.css?v=1706326081969"
5="https://opensource-demo.orangehrmlive.com/web/dist/js/app.js?v=1706326081969"
6="https://opensource-demo.orangehrmlive.com/web/dist/js/chunk-vendors.js?v=1706326081969"
7="opensource-demo.orang_vuser_init_36"
8="https://opensource-demo.orangehrmlive.com/web/index.php/core/i18n/messages"
9="messages_vuser_init_45"
10="vuser_init_Transaction"
11="http://update.googleapis.com/service/update2/json?cup2key=13:y91o_UqDKaqfF7M8_S1Cjcb9Lmnc4E0nDNxEAnBhaOA&cup2hreq=e530cf5f85a70ca1690e1a14c9dfe4a637171977ca8fbbe2fbe49007ebe0cca0"
12="json_Action_8"
13="https://opensource-demo.orangehrmlive.com/web/index.php/auth/validate"
14="https://opensource-demo.orangehrmlive.com/web/index.php/dashboard/index"
15="validate_Action_46"
16="https://opensource-demo.orangehrmlive.com/web/index.php/api/v2/dashboard/employees/time-at-work?timezoneOffset=5.5&currentDate=2024-02-26&currentTime=15:04"
17="time-at-work_Action_59"
18="https://opensource-demo.orangehrmlive.com/web/index.php/api/v2/dashboard/employees/action-summary"
19="action-summary_Action_68"
20="https://opensource-demo.orangehrmlive.com/web/index.php/api/v2/dashboard/shortcuts"
21="shortcuts_Action_77"
22="https://opensource-demo.orangehrmlive.com/web/index.php/api/v2/buzz/feed?limit=5&offset=0&sortOrder=DESC&sortField=share.createdAtUtc"
23="feed_Action_88"
24="https://opensource-demo.orangehrmlive.com/web/index.php/api/v2/dashboard/employees/locations"
25="locations_Action_97"
26="https://opensource-demo.orangehrmlive.com/web/index.php/api/v2/dashboard/employees/leaves?date=2024-02-26"
27="leaves_Action_106"
28="https://opensource-demo.orangehrmlive.com/web/index.php/api/v2/dashboard/employees/subunit"
29="subunit_Action_117"
30="https://opensource-demo.orangehrmlive.com/web/index.php/events/push"
31="push_Action_126"
32="https://opensource-demo.orangehrmlive.com/web/index.php/performance/viewPerformanceModule"
33="https://opensource-demo.orangehrmlive.com/web/index.php/performance/searchEvaluatePerformanceReview"
34="viewPerformanceModule_Action_139"
35="https://opensource-demo.orangehrmlive.com/web/index.php/api/v2/admin/subunits"
36="subunits_Action_148"
37="https://opensource-demo.orangehrmlive.com/web/index.php/api/v2/leave/holidays?fromDate=2024-01-01&toDate=2024-12-31"
38="holidays_Action_157"
39="https://opensource-demo.orangehrmlive.com/web/index.php/api/v2/performance/employees/reviews?limit=50&offset=0&sortField=performanceReview.statusId&sortOrder=ASC&fromDate=2024-01-01&toDate=2024-12-31&includeEmployees=onlyCurrent"
40="reviews_Action_166"
41="https://opensource-demo.orangehrmlive.com/web/index.php/api/v2/admin/job-titles?limit=0"
42="job-titles_Action_175"
43="https://opensource-demo.orangehrmlive.com/web/index.php/api/v2/leave/workweek?model=indexed"
44="workweek_Action_184"
45="holidays_2_Action_193"
46="workweek_2_Action_202"
47="Action_Transaction"
48="https://opensource-demo.orangehrmlive.com/web/index.php/auth/logout"
