[DATA_POINT]
1="HTTP_302"
2="tcp_connect"
3="tcp_connection_count"
4="ssl_session_new"
5="mic_recv"
6="ssl_session_reuse"
7="HTTP_200"
8="tcp_shutdown"
[END_TRANSACTION]
49="workweek_2_Action_215"
50="holidays_2_Action_224"
51="https://opensource-demo.orangehrmlive.com/web/index.php/api/v2/recruitment/candidates?limit=50&offset=0&jobTitleId=22&vacancyId=5&hiringManagerId=37&fromDate=2024-02-07&toDate=2024-02-20&status=1&methodOfApplication=1&model=list&sortField=candidate.dateOfApplication&sortOrder=DESC"
52="candidates_2_Action_344"
53="Action_Transaction"
54="https://opensource-demo.orangehrmlive.com/web/index.php/auth/logout"
55="logout_vuser_end_9"
56="vuser_end_Transaction"
1="https://opensource-demo.orangehrmlive.com/"
2="https://opensource-demo.orangehrmlive.com/web/index.php/auth/login"
3="https://opensource-demo.orangehrmlive.com/web/dist/css/chunk-vendors.css?v=1706326081969"
4="https://opensource-demo.orangehrmlive.com/web/dist/css/app.css?v=1706326081969"
5="https://opensource-demo.orangehrmlive.com/web/dist/js/app.js?v=1706326081969"
6="https://opensource-demo.orangehrmlive.com/web/dist/js/chunk-vendors.js?v=1706326081969"
7="opensource-demo.orang_vuser_init_33"
8="https://opensource-demo.orangehrmlive.com/web/index.php/core/i18n/messages"
9="messages_vuser_init_44"
10="vuser_init_Transaction"
11="https://opensource-demo.orangehrmlive.com/web/index.php/auth/validate"
12="https://opensource-demo.orangehrmlive.com/web/index.php/dashboard/index"
13="validate_Action_12"
14="https://opensource-demo.orangehrmlive.com/web/index.php/api/v2/dashboard/employees/time-at-work?timezoneOffset=5.5&currentDate=2024-02-26&currentTime=13:39"
15="time-at-work_Action_25"
16="https://opensource-demo.orangehrmlive.com/web/index.php/api/v2/dashboard/employees/action-summary"
17="action-summary_Action_34"
18="https://opensource-demo.orangehrmlive.com/web/index.php/api/v2/dashboard/shortcuts"
19="shortcuts_Action_43"
20="https://opensource-demo.orangehrmlive.com/web/index.php/api/v2/buzz/feed?limit=5&offset=0&sortOrder=DESC&sortField=share.createdAtUtc"
21="feed_Action_52"
22="https://opensource-demo.orangehrmlive.com/web/index.php/api/v2/dashboard/employees/locations"
23="locations_Action_61"
24="https://opensource-demo.orangehrmlive.com/web/index.php/api/v2/dashboard/employees/leaves?date=2024-02-26"
25="leaves_Action_70"
26="https://opensource-demo.orangehrmlive.com/web/index.php/api/v2/dashboard/employees/subunit"
27="subunit_Action_81"
28="https://opensource-demo.orangehrmlive.com/web/index.php/events/push"
29="push_Action_90"
30="http://update.googleapis.com/service/update2/json?cup2key=13:07LOOTyKzIKcg6fDp4BRa0SPbkjuLB4jmr0VQj7FWeg&cup2hreq=de55d01da5dc3ab2018f657f733cb00c3df6192f3c00485eb4918b6f96f86204"
31="json_Action_105"
32="https://opensource-demo.orangehrmlive.com/web/index.php/recruitment/viewRecruitmentModule"
33="https://opensource-demo.orangehrmlive.com/web/index.php/recruitment/viewCandidates"
34="viewRecruitmentModule_Action_141"
35="https://opensource-demo.orangehrmlive.com/web/index.php/api/v2/recruitment/candidates?limit=50&offset=0&model=list&sortField=candidate.dateOfApplication&sortOrder=DESC"
36="candidates_Action_152"
37="https://opensource-demo.orangehrmlive.com/web/index.php/api/v2/recruitment/candidates/statuses"
38="statuses_Action_161"
39="https://opensource-demo.orangehrmlive.com/web/index.php/api/v2/admin/job-titles?limit=0"
40="job-titles_Action_170"
41="https://opensource-demo.orangehrmlive.com/web/index.php/api/v2/recruitment/hiring-managers?limit=0"
42="hiring-managers_Action_179"
43="https://opensource-demo.orangehrmlive.com/web/index.php/api/v2/leave/workweek?model=indexed"
44="workweek_Action_188"
45="https://opensource-demo.orangehrmlive.com/web/index.php/api/v2/recruitment/vacancies?model=summary&limit=0&excludeInterviewers=false"
46="vacancies_Action_197"
47="https://opensource-demo.orangehrmlive.com/web/index.php/api/v2/leave/holidays?fromDate=2024-01-01&toDate=2024-12-31"
48="holidays_Action_206"
